ARM Linker, 5.03 [Build 69] [MDK-ARM Standard]

==============================================================================

Section Cross References

    stm32f10x_adc.o(.text) refers to stm32f10x_rcc.o(.text) for RCC_APB2PeriphResetCmd
    stm32f10x_bkp.o(.text) refers to stm32f10x_rcc.o(.text) for RCC_BackupResetCmd
    stm32f10x_can.o(.text) refers to stm32f10x_rcc.o(.text) for RCC_APB1PeriphResetCmd
    stm32f10x_cec.o(.text) refers to stm32f10x_rcc.o(.text) for RCC_APB1PeriphResetCmd
    stm32f10x_dac.o(.text) refers to stm32f10x_rcc.o(.text) for RCC_APB1PeriphResetCmd
    stm32f10x_gpio.o(.text) refers to stm32f10x_rcc.o(.text) for RCC_APB2PeriphResetCmd
    stm32f10x_i2c.o(.text) refers to stm32f10x_rcc.o(.text) for RCC_APB1PeriphResetCmd
    stm32f10x_pwr.o(.text) refers to stm32f10x_rcc.o(.text) for RCC_APB1PeriphResetCmd
    stm32f10x_rcc.o(.text) refers to stm32f10x_rcc.o(.data) for APBAHBPrescTable
    stm32f10x_spi.o(.text) refers to stm32f10x_rcc.o(.text) for RCC_APB2PeriphResetCmd
    stm32f10x_tim.o(.text) refers to stm32f10x_rcc.o(.text) for RCC_APB2PeriphResetCmd
    stm32f10x_usart.o(.text) refers to stm32f10x_rcc.o(.text) for RCC_APB2PeriphResetCmd
    stm32f10x_wwdg.o(.text) refers to stm32f10x_rcc.o(.text) for RCC_APB1PeriphResetCmd
    startup_stm32f10x_md_arm.o(RESET) refers to startup_stm32f10x_md_arm.o(STACK) for __initial_sp
    startup_stm32f10x_md_arm.o(RESET) refers to startup_stm32f10x_md_arm.o(.text) for Reset_Handler
    startup_stm32f10x_md_arm.o(RESET) refers to stm32f10x_it.o(.text) for NMI_Handler
    startup_stm32f10x_md_arm.o(.text) refers to system_stm32f10x.o(.text) for SystemInit
    startup_stm32f10x_md_arm.o(.text) refers to entry.o(.ARM.Collect$$$$00000000) for __main
    system_stm32f10x.o(.text) refers to system_stm32f10x.o(.data) for SystemCoreClock
    motion.o(.text) refers to stm32f10x_tim.o(.text) for TIM_Cmd
    motion.o(.text) refers to stm32f10x_spi.o(.text) for SPI_Init
    motion.o(.text) refers to stm32f10x_dma.o(.text) for DMA_DeInit
    motion.o(.text) refers to stm32f10x_gpio.o(.text) for GPIO_ResetBits
    motion.o(.text) refers to malloc2.o(i.__free$2region) for free
    motion.o(.text) refers to memseta.o(.text) for __aeabi_memclr4
    motion.o(.text) refers to malloc2.o(i.__malloc$2region) for malloc
    motion.o(.text) refers to motion.o(.bss) for staAcceMasterTX_DMAInitStructure
    motion.o(.text) refers to main.o(.data) for iFlagMotionGeneralG01
    motion.o(.text) refers to motion.o(.data) for staAcceCommuIndex
    motion.o(.text) refers to motion.o(.constdata) for BMA020_CONFIG_PARA
    motion.o(.text) refers to memcpya.o(.text) for __aeabi_memcpy
    main.o(.text) refers to stm32f10x_rcc.o(.text) for RCC_LSICmd
    main.o(.text) refers to stm32f10x_dbgmcu.o(.text) for DBGMCU_Config
    main.o(.text) refers to stm32f10x_iwdg.o(.text) for IWDG_WriteAccessCmd
    main.o(.text) refers to stm32f10x_tim.o(.text) for TIM_TimeBaseInit
    main.o(.text) refers to stm32f10x_gpio.o(.text) for GPIO_Init
    main.o(.text) refers to misc.o(.text) for NVIC_SetVectorTable
    main.o(.text) refers to motion.o(.text) for MotionStateInitial
    main.o(.text) refers to usb.o(.text) for USBManager
    main.o(.text) refers to draw.o(.text) for RedrawManager
    main.o(.text) refers to system_stm32f10x.o(.data) for SystemCoreClock
    main.o(.text) refers to main.o(.data) for gSystem_1ms_CNT
    stm32f10x_it.o(.text) refers to stm32f10x_tim.o(.text) for TIM_GetITStatus
    stm32f10x_it.o(.text) refers to motion.o(.text) for MTN_NewRoutineDataReadRequest
    stm32f10x_it.o(.text) refers to stm32f10x_dma.o(.text) for DMA_GetITStatus
    stm32f10x_it.o(.text) refers to stm32f10x_gpio.o(.text) for GPIO_SetBits
    stm32f10x_it.o(.text) refers to main.o(.data) for gSystem_1ms_CNT
    entry.o(.ARM.Collect$$$$00000000) refers (Special) to entry10a.o(.ARM.Collect$$$$0000000D) for __rt_final_cpp
    entry.o(.ARM.Collect$$$$00000000) refers (Special) to entry11a.o(.ARM.Collect$$$$0000000F) for __rt_final_exit
    entry.o(.ARM.Collect$$$$00000000) refers (Special) to entry7b.o(.ARM.Collect$$$$00000008) for _main_clock
    entry.o(.ARM.Collect$$$$00000000) refers (Special) to entry8b.o(.ARM.Collect$$$$0000000A) for _main_cpp_init
    entry.o(.ARM.Collect$$$$00000000) refers (Special) to entry9a.o(.ARM.Collect$$$$0000000B) for _main_init
    entry.o(.ARM.Collect$$$$00000000) refers (Special) to entry5.o(.ARM.Collect$$$$00000004) for _main_scatterload
    entry.o(.ARM.Collect$$$$00000000) refers (Special) to entry4.o(.ARM.Collect$$$$00000003) for _main_stk
    malloc2.o(i.__free$2region) refers to mvars.o(.data) for __microlib_freelist
    malloc2.o(i.__malloc$2region) refers to mvars.o(.data) for __microlib_freelist_initialised
    malloc2.o(i.__malloc$2region) refers to mvars.o(.data) for __microlib_freelist
    mallocr2.o(i.__free$realloc$2region) refers to mvars.o(.data) for __microlib_freelist
    mallocr2.o(i.__malloc$realloc$2region) refers to mallocr2.o(i.internal_alloc) for internal_alloc
    mallocr2.o(i.__malloc$realloc$2region) refers to mvars.o(.data) for __microlib_freelist_initialised
    mallocr2.o(i.__malloc$realloc$2region) refers to mvars.o(.data) for __microlib_freelist
    mallocr2.o(i.__realloc$2region) refers to mallocr2.o(i.__free$realloc$2region) for __free$realloc$2region
    mallocr2.o(i.__realloc$2region) refers to mallocr2.o(i.internal_alloc) for internal_alloc
    mallocr2.o(i.__realloc$2region) refers to mallocr2.o(i.__malloc$realloc$2region) for __malloc$realloc$2region
    mallocr2.o(i.__realloc$2region) refers to mvars.o(.data) for __microlib_freelist
    mallocr2.o(i.internal_alloc) refers to memcpya.o(.text) for __aeabi_memcpy
    mallocr2.o(i.internal_alloc) refers to mvars.o(.data) for __microlib_freelist
    malloca2.o(i.__aligned_malloc$2region) refers to mvars.o(.data) for __microlib_freelist_initialised
    malloca2.o(i.__aligned_malloc$2region) refers to mvars.o(.data) for __microlib_freelist
    malloca2.o(i.__free$memalign$2region) refers to mvars.o(.data) for __microlib_freelist
    malloca2.o(i.__malloc$memalign$2region) refers to malloca2.o(i.__aligned_malloc$2region) for __aligned_malloc$2region
    mallocra2.o(i.__aligned_malloc$realloc$2region) refers to mallocra2.o(i.internal_alloc) for internal_alloc
    mallocra2.o(i.__aligned_malloc$realloc$2region) refers to mvars.o(.data) for __microlib_freelist_initialised
    mallocra2.o(i.__aligned_malloc$realloc$2region) refers to mvars.o(.data) for __microlib_freelist
    mallocra2.o(i.__free$realloc$memalign$2region) refers to mvars.o(.data) for __microlib_freelist
    mallocra2.o(i.__malloc$realloc$memalign$2region) refers to mallocra2.o(i.__aligned_malloc$realloc$2region) for __aligned_malloc$realloc$2region
    mallocra2.o(i.__realloc$memalign$2region) refers to mallocra2.o(i.__free$realloc$memalign$2region) for __free$realloc$memalign$2region
    mallocra2.o(i.__realloc$memalign$2region) refers to mallocra2.o(i.internal_alloc) for internal_alloc
    mallocra2.o(i.__realloc$memalign$2region) refers to mallocra2.o(i.__malloc$realloc$memalign$2region) for __malloc$realloc$memalign$2region
    mallocra2.o(i.__realloc$memalign$2region) refers to mvars.o(.data) for __microlib_freelist
    mallocra2.o(i.internal_alloc) refers to memcpya.o(.text) for __aeabi_memcpy
    mallocra2.o(i.internal_alloc) refers to mvars.o(.data) for __microlib_freelist
    entry4.o(.ARM.Collect$$$$00000003) refers to entry4.o(.ARM.Collect$$$$00002714) for __lit__00000000
    entry4.o(__vectab_stack_and_reset_area) refers to entry.o(.ARM.Collect$$$$00000000) for __main
    entry5.o(.ARM.Collect$$$$00000004) refers to init.o(.text) for __scatterload
    entry9a.o(.ARM.Collect$$$$0000000B) refers to main.o(.text) for main
    entry9b.o(.ARM.Collect$$$$0000000C) refers to main.o(.text) for main
    init.o(.text) refers to entry5.o(.ARM.Collect$$$$00000004) for __main_after_scatterload


==============================================================================

Removing Unused input sections from the image.

    Removing stm32f10x_adc.o(.text), (1102 bytes).
    Removing stm32f10x_bkp.o(.text), (196 bytes).
    Removing stm32f10x_can.o(.text), (2540 bytes).
    Removing stm32f10x_cec.o(.text), (288 bytes).
    Removing stm32f10x_crc.o(.text), (72 bytes).
    Removing stm32f10x_dac.o(.text), (396 bytes).
    Removing stm32f10x_exti.o(.text), (284 bytes).
    Removing stm32f10x_flash.o(.text), (1468 bytes).
    Removing stm32f10x_fsmc.o(.text), (1560 bytes).
    Removing stm32f10x_i2c.o(.text), (1028 bytes).
    Removing stm32f10x_pwr.o(.text), (204 bytes).
    Removing stm32f10x_rtc.o(.text), (324 bytes).
    Removing stm32f10x_sdio.o(.text), (472 bytes).
    Removing stm32f10x_usart.o(.text), (1032 bytes).
    Removing stm32f10x_wwdg.o(.text), (136 bytes).
    Removing startup_stm32f10x_md_arm.o(HEAP), (512 bytes).
    Removing core_cm3.o(.emb_text), (32 bytes).

17 unused section(s) (total 11646 bytes) removed from the image.

==============================================================================

Image Symbol Table

    Local Symbols

    Symbol Name                              Value     Ov Type        Size  Object(Section)

    ../clib/microlib/init/entry.s            0x00000000   Number         0  entry4.o ABSOLUTE
    ../clib/microlib/init/entry.s            0x00000000   Number         0  entry5.o ABSOLUTE
    ../clib/microlib/init/entry.s            0x00000000   Number         0  entry7a.o ABSOLUTE
    ../clib/microlib/init/entry.s            0x00000000   Number         0  entry8a.o ABSOLUTE
    ../clib/microlib/init/entry.s            0x00000000   Number         0  entry8b.o ABSOLUTE
    ../clib/microlib/init/entry.s            0x00000000   Number         0  entry7b.o ABSOLUTE
    ../clib/microlib/init/entry.s            0x00000000   Number         0  entry11a.o ABSOLUTE
    ../clib/microlib/init/entry.s            0x00000000   Number         0  entry9a.o ABSOLUTE
    ../clib/microlib/init/entry.s            0x00000000   Number         0  entry9b.o ABSOLUTE
    ../clib/microlib/init/entry.s            0x00000000   Number         0  entry10a.o ABSOLUTE
    ../clib/microlib/init/entry.s            0x00000000   Number         0  entry10b.o ABSOLUTE
    ../clib/microlib/init/entry.s            0x00000000   Number         0  entry.o ABSOLUTE
    ../clib/microlib/init/entry.s            0x00000000   Number         0  entry11b.o ABSOLUTE
    ../clib/microlib/malloc/malloc.c         0x00000000   Number         0  malloc2.o ABSOLUTE
    ../clib/microlib/malloc/malloc.c         0x00000000   Number         0  mallocr2.o ABSOLUTE
    ../clib/microlib/malloc/malloc.c         0x00000000   Number         0  malloca2.o ABSOLUTE
    ../clib/microlib/malloc/malloc.c         0x00000000   Number         0  mallocra2.o ABSOLUTE
    ../clib/microlib/malloc/mvars.c          0x00000000   Number         0  mvars.o ABSOLUTE
    ../clib/microlib/string/memcpy.c         0x00000000   Number         0  memcpya.o ABSOLUTE
    ../clib/microlib/string/memcpy.c         0x00000000   Number         0  memcpyb.o ABSOLUTE
    ../clib/microlib/string/memset.c         0x00000000   Number         0  memseta.o ABSOLUTE
    ./Lib/src/misc.c                         0x00000000   Number         0  misc.o ABSOLUTE
    ./Lib/src/stm32f10x_adc.c                0x00000000   Number         0  stm32f10x_adc.o ABSOLUTE
    ./Lib/src/stm32f10x_bkp.c                0x00000000   Number         0  stm32f10x_bkp.o ABSOLUTE
    ./Lib/src/stm32f10x_can.c                0x00000000   Number         0  stm32f10x_can.o ABSOLUTE
    ./Lib/src/stm32f10x_cec.c                0x00000000   Number         0  stm32f10x_cec.o ABSOLUTE
    ./Lib/src/stm32f10x_crc.c                0x00000000   Number         0  stm32f10x_crc.o ABSOLUTE
    ./Lib/src/stm32f10x_dac.c                0x00000000   Number         0  stm32f10x_dac.o ABSOLUTE
    ./Lib/src/stm32f10x_dbgmcu.c             0x00000000   Number         0  stm32f10x_dbgmcu.o ABSOLUTE
    ./Lib/src/stm32f10x_dma.c                0x00000000   Number         0  stm32f10x_dma.o ABSOLUTE
    ./Lib/src/stm32f10x_exti.c               0x00000000   Number         0  stm32f10x_exti.o ABSOLUTE
    ./Lib/src/stm32f10x_flash.c              0x00000000   Number         0  stm32f10x_flash.o ABSOLUTE
    ./Lib/src/stm32f10x_fsmc.c               0x00000000   Number         0  stm32f10x_fsmc.o ABSOLUTE
    ./Lib/src/stm32f10x_gpio.c               0x00000000   Number         0  stm32f10x_gpio.o ABSOLUTE
    ./Lib/src/stm32f10x_i2c.c                0x00000000   Number         0  stm32f10x_i2c.o ABSOLUTE
    ./Lib/src/stm32f10x_iwdg.c               0x00000000   Number         0  stm32f10x_iwdg.o ABSOLUTE
    ./Lib/src/stm32f10x_pwr.c                0x00000000   Number         0  stm32f10x_pwr.o ABSOLUTE
    ./Lib/src/stm32f10x_rcc.c                0x00000000   Number         0  stm32f10x_rcc.o ABSOLUTE
    ./Lib/src/stm32f10x_rtc.c                0x00000000   Number         0  stm32f10x_rtc.o ABSOLUTE
    ./Lib/src/stm32f10x_sdio.c               0x00000000   Number         0  stm32f10x_sdio.o ABSOLUTE
    ./Lib/src/stm32f10x_spi.c                0x00000000   Number         0  stm32f10x_spi.o ABSOLUTE
    ./Lib/src/stm32f10x_tim.c                0x00000000   Number         0  stm32f10x_tim.o ABSOLUTE
    ./Lib/src/stm32f10x_usart.c              0x00000000   Number         0  stm32f10x_usart.o ABSOLUTE
    ./Lib/src/stm32f10x_wwdg.c               0x00000000   Number         0  stm32f10x_wwdg.o ABSOLUTE
    ./Startup/startup_stm32f10x_md_arm.s     0x00000000   Number         0  startup_stm32f10x_md_arm.o ABSOLUTE
    ./System/src/core_cm3.c                  0x00000000   Number         0  core_cm3.o ABSOLUTE
    ./System/src/system_stm32f10x.c          0x00000000   Number         0  system_stm32f10x.o ABSOLUTE
    ./User/src/Draw.c                        0x00000000   Number         0  draw.o ABSOLUTE
    ./User/src/Motion.c                      0x00000000   Number         0  motion.o ABSOLUTE
    ./User/src/USB.c                         0x00000000   Number         0  usb.o ABSOLUTE
    ./User/src/main.c                        0x00000000   Number         0  main.o ABSOLUTE
    ./User/src/stm32f10x_it.c                0x00000000   Number         0  stm32f10x_it.o ABSOLUTE
    .\System\src\core_cm3.c                  0x00000000   Number         0  core_cm3.o ABSOLUTE
    dc.s                                     0x00000000   Number         0  dc.o ABSOLUTE
    handlers.s                               0x00000000   Number         0  handlers.o ABSOLUTE
    init.s                                   0x00000000   Number         0  init.o ABSOLUTE
    RESET                                    0x08000000   Section      236  startup_stm32f10x_md_arm.o(RESET)
    .ARM.Collect$$$$00000000                 0x080000ec   Section        0  entry.o(.ARM.Collect$$$$00000000)
    .ARM.Collect$$$$00000003                 0x080000ec   Section        4  entry4.o(.ARM.Collect$$$$00000003)
    .ARM.Collect$$$$00000004                 0x080000f0   Section        4  entry5.o(.ARM.Collect$$$$00000004)
    .ARM.Collect$$$$00000008                 0x080000f4   Section        0  entry7b.o(.ARM.Collect$$$$00000008)
    .ARM.Collect$$$$0000000A                 0x080000f4   Section        0  entry8b.o(.ARM.Collect$$$$0000000A)
    .ARM.Collect$$$$0000000B                 0x080000f4   Section        8  entry9a.o(.ARM.Collect$$$$0000000B)
    .ARM.Collect$$$$0000000D                 0x080000fc   Section        0  entry10a.o(.ARM.Collect$$$$0000000D)
    .ARM.Collect$$$$0000000F                 0x080000fc   Section        0  entry11a.o(.ARM.Collect$$$$0000000F)
    .ARM.Collect$$$$00002714                 0x080000fc   Section        4  entry4.o(.ARM.Collect$$$$00002714)
    __lit__00000000                          0x080000fc   Data           4  entry4.o(.ARM.Collect$$$$00002714)
    .text                                    0x08000100   Section        0  misc.o(.text)
    .text                                    0x080001dc   Section        0  stm32f10x_dbgmcu.o(.text)
    .text                                    0x0800020c   Section        0  stm32f10x_dma.o(.text)
    .text                                    0x0800045c   Section        0  stm32f10x_gpio.o(.text)
    .text                                    0x080007b4   Section        0  stm32f10x_iwdg.o(.text)
    .text                                    0x080007f4   Section        0  stm32f10x_rcc.o(.text)
    .text                                    0x08000b98   Section        0  stm32f10x_spi.o(.text)
    .text                                    0x08000ea4   Section        0  stm32f10x_tim.o(.text)
    TI4_Config                               0x0800134b   Thumb Code   130  stm32f10x_tim.o(.text)
    TI3_Config                               0x080013df   Thumb Code   122  stm32f10x_tim.o(.text)
    TI2_Config                               0x08001473   Thumb Code   130  stm32f10x_tim.o(.text)
    TI1_Config                               0x08001507   Thumb Code   108  stm32f10x_tim.o(.text)
    .text                                    0x08001cc0   Section       36  startup_stm32f10x_md_arm.o(.text)
    .text                                    0x08001ce4   Section        0  system_stm32f10x.o(.text)
    SetSysClockTo72                          0x08001ce5   Thumb Code   212  system_stm32f10x.o(.text)
    SetSysClock                              0x08001db9   Thumb Code     8  system_stm32f10x.o(.text)
    .text                                    0x08001ec0   Section        0  draw.o(.text)
    .text                                    0x08001ec4   Section        0  motion.o(.text)
    .text                                    0x08002cb4   Section        0  usb.o(.text)
    .text                                    0x08002cb8   Section        0  main.o(.text)
    .text                                    0x08002f28   Section        0  stm32f10x_it.o(.text)
    .text                                    0x0800304c   Section        0  memcpya.o(.text)
    .text                                    0x08003070   Section        0  memseta.o(.text)
    .text                                    0x08003094   Section       36  init.o(.text)
    i.__free$2region                         0x080030b8   Section        0  malloc2.o(i.__free$2region)
    i.__malloc$2region                       0x08003108   Section        0  malloc2.o(i.__malloc$2region)
    i.__scatterload_copy                     0x08003174   Section       14  handlers.o(i.__scatterload_copy)
    i.__scatterload_null                     0x08003182   Section        2  handlers.o(i.__scatterload_null)
    i.__scatterload_zeroinit                 0x08003184   Section       14  handlers.o(i.__scatterload_zeroinit)
    .constdata                               0x08003192   Section        3  motion.o(.constdata)
    .data                                    0x20000000   Section       20  stm32f10x_rcc.o(.data)
    APBAHBPrescTable                         0x20000000   Data          16  stm32f10x_rcc.o(.data)
    ADCPrescTable                            0x20000010   Data           4  stm32f10x_rcc.o(.data)
    .data                                    0x20000014   Section       20  system_stm32f10x.o(.data)
    .data                                    0x20000028   Section       60  motion.o(.data)
    staMotionDetectState                     0x20000028   Data           1  motion.o(.data)
    staMotionProcessState                    0x20000029   Data           1  motion.o(.data)
    staAcceCommuIndex                        0x2000002a   Data           1  motion.o(.data)
    staAcceCommuErrorCNT                     0x2000002c   Data           4  motion.o(.data)
    staPeakAverageErrorCNT                   0x20000030   Data           4  motion.o(.data)
    staValleyAverageErrorCNT                 0x20000034   Data           4  motion.o(.data)
    staAcceRecvRawDataWalker                 0x20000038   Data           1  motion.o(.data)
    staPicRefreshInterval                    0x2000003a   Data           2  motion.o(.data)
    staAcceCommuBusyWaitTime                 0x2000003c   Data           2  motion.o(.data)
    staResult                                0x20000040   Data           8  motion.o(.data)
    staDigitalizedDataMax                    0x20000048   Data           1  motion.o(.data)
    staDigitalizedDataMin                    0x20000049   Data           1  motion.o(.data)
    staPeakBitArray                          0x2000004c   Data           8  motion.o(.data)
    staValleyBitArray                        0x20000054   Data           8  motion.o(.data)
    staPeakAverage                           0x2000005c   Data           2  motion.o(.data)
    staValleyAverage                         0x2000005e   Data           2  motion.o(.data)
    pStaAcceRecvDawDataBufX                  0x20000060   Data           4  motion.o(.data)
    .data                                    0x20000064   Section       48  main.o(.data)
    .data                                    0x20000094   Section        4  mvars.o(.data)
    .data                                    0x20000098   Section        4  mvars.o(.data)
    .bss                                     0x2000009c   Section      596  motion.o(.bss)
    staDigitalizedDataBuf                    0x2000009c   Data          50  motion.o(.bss)
    staAcceCommuQueue                        0x200000d0   Data         192  motion.o(.bss)
    staAcceMasterTX_DMAInitStructure         0x20000190   Data          44  motion.o(.bss)
    staAcceMasterRX_DMAInitStructure         0x200001bc   Data          44  motion.o(.bss)
    staAcceTXBUF                             0x200001e8   Data          32  motion.o(.bss)
    staAcceRXBUF                             0x20000208   Data          32  motion.o(.bss)
    staAcceRecvDawDataBufX                   0x20000228   Data         100  motion.o(.bss)
    staSequencedRawDataBuf                   0x2000028c   Data         100  motion.o(.bss)
    STACK                                    0x200002f0   Section     1024  startup_stm32f10x_md_arm.o(STACK)

    Global Symbols

    Symbol Name                              Value     Ov Type        Size  Object(Section)

    BuildAttributes$$THM_ISAv4$P$D$K$B$S$PE$A:L22UL41UL21$X:L11$S22US41US21$IEEE1$IW$USESV6$~STKCKD$USESV7$~SHL$OSPACE$EBA8$MICROLIB$REQ8$PRES8$EABIv2 0x00000000   Number         0  anon$$obj.o ABSOLUTE
    __ARM_use_no_argv                        0x00000000   Number         0  main.o ABSOLUTE
    __cpp_initialize__aeabi_                  - Undefined Weak Reference
    __cxa_finalize                            - Undefined Weak Reference
    __decompress                              - Undefined Weak Reference
    _clock_init                               - Undefined Weak Reference
    _microlib_exit                            - Undefined Weak Reference
    __Vectors_Size                           0x000000ec   Number         0  startup_stm32f10x_md_arm.o ABSOLUTE
    __Vectors                                0x08000000   Data           4  startup_stm32f10x_md_arm.o(RESET)
    __Vectors_End                            0x080000ec   Data           0  startup_stm32f10x_md_arm.o(RESET)
    __main                                   0x080000ed   Thumb Code     0  entry.o(.ARM.Collect$$$$00000000)
    _main_stk                                0x080000ed   Thumb Code     0  entry4.o(.ARM.Collect$$$$00000003)
    _main_scatterload                        0x080000f1   Thumb Code     0  entry5.o(.ARM.Collect$$$$00000004)
    __main_after_scatterload                 0x080000f5   Thumb Code     0  entry5.o(.ARM.Collect$$$$00000004)
    _main_clock                              0x080000f5   Thumb Code     0  entry7b.o(.ARM.Collect$$$$00000008)
    _main_cpp_init                           0x080000f5   Thumb Code     0  entry8b.o(.ARM.Collect$$$$0000000A)
    _main_init                               0x080000f5   Thumb Code     0  entry9a.o(.ARM.Collect$$$$0000000B)
    __rt_final_cpp                           0x080000fd   Thumb Code     0  entry10a.o(.ARM.Collect$$$$0000000D)
    __rt_final_exit                          0x080000fd   Thumb Code     0  entry11a.o(.ARM.Collect$$$$0000000F)
    NVIC_PriorityGroupConfig                 0x08000101   Thumb Code    10  misc.o(.text)
    NVIC_Init                                0x0800010b   Thumb Code   102  misc.o(.text)
    NVIC_SetVectorTable                      0x08000171   Thumb Code    14  misc.o(.text)
    NVIC_SystemLPConfig                      0x0800017f   Thumb Code    34  misc.o(.text)
    SysTick_CLKSourceConfig                  0x080001a1   Thumb Code    40  misc.o(.text)
    DBGMCU_GetREVID                          0x080001dd   Thumb Code     8  stm32f10x_dbgmcu.o(.text)
    DBGMCU_GetDEVID                          0x080001e5   Thumb Code    10  stm32f10x_dbgmcu.o(.text)
    DBGMCU_Config                            0x080001ef   Thumb Code    26  stm32f10x_dbgmcu.o(.text)
    DMA_DeInit                               0x0800020d   Thumb Code   324  stm32f10x_dma.o(.text)
    DMA_Init                                 0x08000351   Thumb Code    60  stm32f10x_dma.o(.text)
    DMA_StructInit                           0x0800038d   Thumb Code    26  stm32f10x_dma.o(.text)
    DMA_Cmd                                  0x080003a7   Thumb Code    24  stm32f10x_dma.o(.text)
    DMA_ITConfig                             0x080003bf   Thumb Code    18  stm32f10x_dma.o(.text)
    DMA_SetCurrDataCounter                   0x080003d1   Thumb Code     4  stm32f10x_dma.o(.text)
    DMA_GetCurrDataCounter                   0x080003d5   Thumb Code     8  stm32f10x_dma.o(.text)
    DMA_GetFlagStatus                        0x080003dd   Thumb Code    38  stm32f10x_dma.o(.text)
    DMA_ClearFlag                            0x08000403   Thumb Code    22  stm32f10x_dma.o(.text)
    DMA_GetITStatus                          0x08000419   Thumb Code    38  stm32f10x_dma.o(.text)
    DMA_ClearITPendingBit                    0x0800043f   Thumb Code    22  stm32f10x_dma.o(.text)
    GPIO_DeInit                              0x0800045d   Thumb Code   172  stm32f10x_gpio.o(.text)
    GPIO_AFIODeInit                          0x08000509   Thumb Code    20  stm32f10x_gpio.o(.text)
    GPIO_Init                                0x0800051d   Thumb Code   274  stm32f10x_gpio.o(.text)
    GPIO_StructInit                          0x0800062f   Thumb Code    16  stm32f10x_gpio.o(.text)
    GPIO_ReadInputDataBit                    0x0800063f   Thumb Code    18  stm32f10x_gpio.o(.text)
    GPIO_ReadInputData                       0x08000651   Thumb Code     8  stm32f10x_gpio.o(.text)
    GPIO_ReadOutputDataBit                   0x08000659   Thumb Code    18  stm32f10x_gpio.o(.text)
    GPIO_ReadOutputData                      0x0800066b   Thumb Code     8  stm32f10x_gpio.o(.text)
    GPIO_SetBits                             0x08000673   Thumb Code     4  stm32f10x_gpio.o(.text)
    GPIO_ResetBits                           0x08000677   Thumb Code     4  stm32f10x_gpio.o(.text)
    GPIO_WriteBit                            0x0800067b   Thumb Code    10  stm32f10x_gpio.o(.text)
    GPIO_Write                               0x08000685   Thumb Code     4  stm32f10x_gpio.o(.text)
    GPIO_PinLockConfig                       0x08000689   Thumb Code    18  stm32f10x_gpio.o(.text)
    GPIO_EventOutputConfig                   0x0800069b   Thumb Code    26  stm32f10x_gpio.o(.text)
    GPIO_EventOutputCmd                      0x080006b5   Thumb Code     6  stm32f10x_gpio.o(.text)
    GPIO_PinRemapConfig                      0x080006bb   Thumb Code   138  stm32f10x_gpio.o(.text)
    GPIO_EXTILineConfig                      0x08000745   Thumb Code    66  stm32f10x_gpio.o(.text)
    GPIO_ETH_MediaInterfaceConfig            0x08000787   Thumb Code     6  stm32f10x_gpio.o(.text)
    IWDG_WriteAccessCmd                      0x080007b5   Thumb Code     6  stm32f10x_iwdg.o(.text)
    IWDG_SetPrescaler                        0x080007bb   Thumb Code     6  stm32f10x_iwdg.o(.text)
    IWDG_SetReload                           0x080007c1   Thumb Code     6  stm32f10x_iwdg.o(.text)
    IWDG_ReloadCounter                       0x080007c7   Thumb Code    10  stm32f10x_iwdg.o(.text)
    IWDG_Enable                              0x080007d1   Thumb Code    10  stm32f10x_iwdg.o(.text)
    IWDG_GetFlagStatus                       0x080007db   Thumb Code    20  stm32f10x_iwdg.o(.text)
    RCC_DeInit                               0x080007f5   Thumb Code    64  stm32f10x_rcc.o(.text)
    RCC_HSEConfig                            0x08000835   Thumb Code    70  stm32f10x_rcc.o(.text)
    RCC_GetFlagStatus                        0x0800087b   Thumb Code    56  stm32f10x_rcc.o(.text)
    RCC_WaitForHSEStartUp                    0x080008b3   Thumb Code    56  stm32f10x_rcc.o(.text)
    RCC_AdjustHSICalibrationValue            0x080008eb   Thumb Code    20  stm32f10x_rcc.o(.text)
    RCC_HSICmd                               0x080008ff   Thumb Code     6  stm32f10x_rcc.o(.text)
    RCC_PLLConfig                            0x08000905   Thumb Code    24  stm32f10x_rcc.o(.text)
    RCC_PLLCmd                               0x0800091d   Thumb Code     6  stm32f10x_rcc.o(.text)
    RCC_SYSCLKConfig                         0x08000923   Thumb Code    18  stm32f10x_rcc.o(.text)
    RCC_GetSYSCLKSource                      0x08000935   Thumb Code    10  stm32f10x_rcc.o(.text)
    RCC_HCLKConfig                           0x0800093f   Thumb Code    18  stm32f10x_rcc.o(.text)
    RCC_PCLK1Config                          0x08000951   Thumb Code    18  stm32f10x_rcc.o(.text)
    RCC_PCLK2Config                          0x08000963   Thumb Code    20  stm32f10x_rcc.o(.text)
    RCC_ITConfig                             0x08000977   Thumb Code    26  stm32f10x_rcc.o(.text)
    RCC_USBCLKConfig                         0x08000991   Thumb Code     6  stm32f10x_rcc.o(.text)
    RCC_ADCCLKConfig                         0x08000997   Thumb Code    18  stm32f10x_rcc.o(.text)
    RCC_LSEConfig                            0x080009a9   Thumb Code    44  stm32f10x_rcc.o(.text)
    RCC_LSICmd                               0x080009d5   Thumb Code     6  stm32f10x_rcc.o(.text)
    RCC_RTCCLKConfig                         0x080009db   Thumb Code    12  stm32f10x_rcc.o(.text)
    RCC_RTCCLKCmd                            0x080009e7   Thumb Code     8  stm32f10x_rcc.o(.text)
    RCC_GetClocksFreq                        0x080009ef   Thumb Code   192  stm32f10x_rcc.o(.text)
    RCC_AHBPeriphClockCmd                    0x08000aaf   Thumb Code    26  stm32f10x_rcc.o(.text)
    RCC_APB2PeriphClockCmd                   0x08000ac9   Thumb Code    26  stm32f10x_rcc.o(.text)
    RCC_APB1PeriphClockCmd                   0x08000ae3   Thumb Code    26  stm32f10x_rcc.o(.text)
    RCC_APB2PeriphResetCmd                   0x08000afd   Thumb Code    26  stm32f10x_rcc.o(.text)
    RCC_APB1PeriphResetCmd                   0x08000b17   Thumb Code    26  stm32f10x_rcc.o(.text)
    RCC_BackupResetCmd                       0x08000b31   Thumb Code     8  stm32f10x_rcc.o(.text)
    RCC_ClockSecuritySystemCmd               0x08000b39   Thumb Code     6  stm32f10x_rcc.o(.text)
    RCC_MCOConfig                            0x08000b3f   Thumb Code     6  stm32f10x_rcc.o(.text)
    RCC_ClearFlag                            0x08000b45   Thumb Code    14  stm32f10x_rcc.o(.text)
    RCC_GetITStatus                          0x08000b53   Thumb Code    20  stm32f10x_rcc.o(.text)
    RCC_ClearITPendingBit                    0x08000b67   Thumb Code     6  stm32f10x_rcc.o(.text)
    SPI_I2S_DeInit                           0x08000b99   Thumb Code    76  stm32f10x_spi.o(.text)
    SPI_Init                                 0x08000be5   Thumb Code    60  stm32f10x_spi.o(.text)
    I2S_Init                                 0x08000c21   Thumb Code   226  stm32f10x_spi.o(.text)
    SPI_StructInit                           0x08000d03   Thumb Code    24  stm32f10x_spi.o(.text)
    I2S_StructInit                           0x08000d1b   Thumb Code    20  stm32f10x_spi.o(.text)
    SPI_Cmd                                  0x08000d2f   Thumb Code    24  stm32f10x_spi.o(.text)
    I2S_Cmd                                  0x08000d47   Thumb Code    24  stm32f10x_spi.o(.text)
    SPI_I2S_ITConfig                         0x08000d5f   Thumb Code    32  stm32f10x_spi.o(.text)
    SPI_I2S_DMACmd                           0x08000d7f   Thumb Code    18  stm32f10x_spi.o(.text)
    SPI_I2S_SendData                         0x08000d91   Thumb Code     4  stm32f10x_spi.o(.text)
    SPI_I2S_ReceiveData                      0x08000d95   Thumb Code     6  stm32f10x_spi.o(.text)
    SPI_NSSInternalSoftwareConfig            0x08000d9b   Thumb Code    30  stm32f10x_spi.o(.text)
    SPI_SSOutputCmd                          0x08000db9   Thumb Code    24  stm32f10x_spi.o(.text)
    SPI_DataSizeConfig                       0x08000dd1   Thumb Code    18  stm32f10x_spi.o(.text)
    SPI_TransmitCRC                          0x08000de3   Thumb Code    10  stm32f10x_spi.o(.text)
    SPI_CalculateCRC                         0x08000ded   Thumb Code    24  stm32f10x_spi.o(.text)
    SPI_GetCRC                               0x08000e05   Thumb Code    16  stm32f10x_spi.o(.text)
    SPI_GetCRCPolynomial                     0x08000e15   Thumb Code     6  stm32f10x_spi.o(.text)
    SPI_BiDirectionalLineConfig              0x08000e1b   Thumb Code    28  stm32f10x_spi.o(.text)
    SPI_I2S_GetFlagStatus                    0x08000e37   Thumb Code    18  stm32f10x_spi.o(.text)
    SPI_I2S_ClearFlag                        0x08000e49   Thumb Code     6  stm32f10x_spi.o(.text)
    SPI_I2S_GetITStatus                      0x08000e4f   Thumb Code    52  stm32f10x_spi.o(.text)
    SPI_I2S_ClearITPendingBit                0x08000e83   Thumb Code    20  stm32f10x_spi.o(.text)
    TIM_DeInit                               0x08000ea5   Thumb Code   424  stm32f10x_tim.o(.text)
    TIM_TimeBaseInit                         0x0800104d   Thumb Code   122  stm32f10x_tim.o(.text)
    TIM_OC1Init                              0x080010c7   Thumb Code   132  stm32f10x_tim.o(.text)
    TIM_OC2Init                              0x0800114b   Thumb Code   154  stm32f10x_tim.o(.text)
    TIM_OC3Init                              0x080011e5   Thumb Code   150  stm32f10x_tim.o(.text)
    TIM_OC4Init                              0x0800127b   Thumb Code   182  stm32f10x_tim.o(.text)
    TIM_SetIC4Prescaler                      0x08001331   Thumb Code    26  stm32f10x_tim.o(.text)
    TIM_SetIC3Prescaler                      0x080013cd   Thumb Code    18  stm32f10x_tim.o(.text)
    TIM_SetIC2Prescaler                      0x08001459   Thumb Code    26  stm32f10x_tim.o(.text)
    TIM_SetIC1Prescaler                      0x080014f5   Thumb Code    18  stm32f10x_tim.o(.text)
    TIM_ICInit                               0x08001573   Thumb Code   150  stm32f10x_tim.o(.text)
    TIM_PWMIConfig                           0x08001609   Thumb Code   124  stm32f10x_tim.o(.text)
    TIM_BDTRConfig                           0x08001685   Thumb Code    32  stm32f10x_tim.o(.text)
    TIM_TimeBaseStructInit                   0x080016a5   Thumb Code    18  stm32f10x_tim.o(.text)
    TIM_OCStructInit                         0x080016b7   Thumb Code    20  stm32f10x_tim.o(.text)
    TIM_ICStructInit                         0x080016cb   Thumb Code    18  stm32f10x_tim.o(.text)
    TIM_BDTRStructInit                       0x080016dd   Thumb Code    40  stm32f10x_tim.o(.text)
    TIM_Cmd                                  0x08001705   Thumb Code    24  stm32f10x_tim.o(.text)
    TIM_CtrlPWMOutputs                       0x0800171d   Thumb Code    30  stm32f10x_tim.o(.text)
    TIM_ITConfig                             0x0800173b   Thumb Code    18  stm32f10x_tim.o(.text)
    TIM_GenerateEvent                        0x0800174d   Thumb Code     4  stm32f10x_tim.o(.text)
    TIM_DMAConfig                            0x08001751   Thumb Code    10  stm32f10x_tim.o(.text)
    TIM_DMACmd                               0x0800175b   Thumb Code    18  stm32f10x_tim.o(.text)
    TIM_InternalClockConfig                  0x0800176d   Thumb Code    12  stm32f10x_tim.o(.text)
    TIM_SelectInputTrigger                   0x08001779   Thumb Code    18  stm32f10x_tim.o(.text)
    TIM_ITRxExternalClockConfig              0x0800178b   Thumb Code    24  stm32f10x_tim.o(.text)
    TIM_TIxExternalClockConfig               0x080017a3   Thumb Code    62  stm32f10x_tim.o(.text)
    TIM_ETRConfig                            0x080017e1   Thumb Code    28  stm32f10x_tim.o(.text)
    TIM_ETRClockMode1Config                  0x080017fd   Thumb Code    54  stm32f10x_tim.o(.text)
    TIM_ETRClockMode2Config                  0x08001833   Thumb Code    32  stm32f10x_tim.o(.text)
    TIM_PrescalerConfig                      0x08001853   Thumb Code     6  stm32f10x_tim.o(.text)
    TIM_CounterModeConfig                    0x08001859   Thumb Code    18  stm32f10x_tim.o(.text)
    TIM_EncoderInterfaceConfig               0x0800186b   Thumb Code    66  stm32f10x_tim.o(.text)
    TIM_ForcedOC1Config                      0x080018ad   Thumb Code    18  stm32f10x_tim.o(.text)
    TIM_ForcedOC2Config                      0x080018bf   Thumb Code    26  stm32f10x_tim.o(.text)
    TIM_ForcedOC3Config                      0x080018d9   Thumb Code    18  stm32f10x_tim.o(.text)
    TIM_ForcedOC4Config                      0x080018eb   Thumb Code    26  stm32f10x_tim.o(.text)
    TIM_ARRPreloadConfig                     0x08001905   Thumb Code    24  stm32f10x_tim.o(.text)
    TIM_SelectCOM                            0x0800191d   Thumb Code    24  stm32f10x_tim.o(.text)
    TIM_SelectCCDMA                          0x08001935   Thumb Code    24  stm32f10x_tim.o(.text)
    TIM_CCPreloadControl                     0x0800194d   Thumb Code    24  stm32f10x_tim.o(.text)
    TIM_OC1PreloadConfig                     0x08001965   Thumb Code    18  stm32f10x_tim.o(.text)
    TIM_OC2PreloadConfig                     0x08001977   Thumb Code    26  stm32f10x_tim.o(.text)
    TIM_OC3PreloadConfig                     0x08001991   Thumb Code    18  stm32f10x_tim.o(.text)
    TIM_OC4PreloadConfig                     0x080019a3   Thumb Code    26  stm32f10x_tim.o(.text)
    TIM_OC1FastConfig                        0x080019bd   Thumb Code    18  stm32f10x_tim.o(.text)
    TIM_OC2FastConfig                        0x080019cf   Thumb Code    26  stm32f10x_tim.o(.text)
    TIM_OC3FastConfig                        0x080019e9   Thumb Code    18  stm32f10x_tim.o(.text)
    TIM_OC4FastConfig                        0x080019fb   Thumb Code    26  stm32f10x_tim.o(.text)
    TIM_ClearOC1Ref                          0x08001a15   Thumb Code    18  stm32f10x_tim.o(.text)
    TIM_ClearOC2Ref                          0x08001a27   Thumb Code    24  stm32f10x_tim.o(.text)
    TIM_ClearOC3Ref                          0x08001a3f   Thumb Code    18  stm32f10x_tim.o(.text)
    TIM_ClearOC4Ref                          0x08001a51   Thumb Code    24  stm32f10x_tim.o(.text)
    TIM_OC1PolarityConfig                    0x08001a69   Thumb Code    18  stm32f10x_tim.o(.text)
    TIM_OC1NPolarityConfig                   0x08001a7b   Thumb Code    18  stm32f10x_tim.o(.text)
    TIM_OC2PolarityConfig                    0x08001a8d   Thumb Code    26  stm32f10x_tim.o(.text)
    TIM_OC2NPolarityConfig                   0x08001aa7   Thumb Code    26  stm32f10x_tim.o(.text)
    TIM_OC3PolarityConfig                    0x08001ac1   Thumb Code    26  stm32f10x_tim.o(.text)
    TIM_OC3NPolarityConfig                   0x08001adb   Thumb Code    26  stm32f10x_tim.o(.text)
    TIM_OC4PolarityConfig                    0x08001af5   Thumb Code    26  stm32f10x_tim.o(.text)
    TIM_CCxCmd                               0x08001b0f   Thumb Code    30  stm32f10x_tim.o(.text)
    TIM_CCxNCmd                              0x08001b2d   Thumb Code    30  stm32f10x_tim.o(.text)
    TIM_SelectOCxM                           0x08001b4b   Thumb Code    82  stm32f10x_tim.o(.text)
    TIM_UpdateDisableConfig                  0x08001b9d   Thumb Code    24  stm32f10x_tim.o(.text)
    TIM_UpdateRequestConfig                  0x08001bb5   Thumb Code    24  stm32f10x_tim.o(.text)
    TIM_SelectHallSensor                     0x08001bcd   Thumb Code    24  stm32f10x_tim.o(.text)
    TIM_SelectOnePulseMode                   0x08001be5   Thumb Code    18  stm32f10x_tim.o(.text)
    TIM_SelectOutputTrigger                  0x08001bf7   Thumb Code    18  stm32f10x_tim.o(.text)
    TIM_SelectSlaveMode                      0x08001c09   Thumb Code    18  stm32f10x_tim.o(.text)
    TIM_SelectMasterSlaveMode                0x08001c1b   Thumb Code    18  stm32f10x_tim.o(.text)
    TIM_SetCounter                           0x08001c2d   Thumb Code     4  stm32f10x_tim.o(.text)
    TIM_SetAutoreload                        0x08001c31   Thumb Code     4  stm32f10x_tim.o(.text)
    TIM_SetCompare1                          0x08001c35   Thumb Code     4  stm32f10x_tim.o(.text)
    TIM_SetCompare2                          0x08001c39   Thumb Code     4  stm32f10x_tim.o(.text)
    TIM_SetCompare3                          0x08001c3d   Thumb Code     4  stm32f10x_tim.o(.text)
    TIM_SetCompare4                          0x08001c41   Thumb Code     6  stm32f10x_tim.o(.text)
    TIM_SetClockDivision                     0x08001c47   Thumb Code    18  stm32f10x_tim.o(.text)
    TIM_GetCapture1                          0x08001c59   Thumb Code     6  stm32f10x_tim.o(.text)
    TIM_GetCapture2                          0x08001c5f   Thumb Code     6  stm32f10x_tim.o(.text)
    TIM_GetCapture3                          0x08001c65   Thumb Code     6  stm32f10x_tim.o(.text)
    TIM_GetCapture4                          0x08001c6b   Thumb Code     8  stm32f10x_tim.o(.text)
    TIM_GetCounter                           0x08001c73   Thumb Code     6  stm32f10x_tim.o(.text)
    TIM_GetPrescaler                         0x08001c79   Thumb Code     6  stm32f10x_tim.o(.text)
    TIM_GetFlagStatus                        0x08001c7f   Thumb Code    18  stm32f10x_tim.o(.text)
    TIM_ClearFlag                            0x08001c91   Thumb Code     6  stm32f10x_tim.o(.text)
    TIM_GetITStatus                          0x08001c97   Thumb Code    34  stm32f10x_tim.o(.text)
    TIM_ClearITPendingBit                    0x08001cb9   Thumb Code     6  stm32f10x_tim.o(.text)
    Reset_Handler                            0x08001cc1   Thumb Code     8  startup_stm32f10x_md_arm.o(.text)
    ADC1_2_IRQHandler                        0x08001cdb   Thumb Code     0  startup_stm32f10x_md_arm.o(.text)
    CAN1_RX1_IRQHandler                      0x08001cdb   Thumb Code     0  startup_stm32f10x_md_arm.o(.text)
    CAN1_SCE_IRQHandler                      0x08001cdb   Thumb Code     0  startup_stm32f10x_md_arm.o(.text)
    DMA1_Channel1_IRQHandler                 0x08001cdb   Thumb Code     0  startup_stm32f10x_md_arm.o(.text)
    DMA1_Channel4_IRQHandler                 0x08001cdb   Thumb Code     0  startup_stm32f10x_md_arm.o(.text)
    DMA1_Channel5_IRQHandler                 0x08001cdb   Thumb Code     0  startup_stm32f10x_md_arm.o(.text)
    DMA1_Channel6_IRQHandler                 0x08001cdb   Thumb Code     0  startup_stm32f10x_md_arm.o(.text)
    DMA1_Channel7_IRQHandler                 0x08001cdb   Thumb Code     0  startup_stm32f10x_md_arm.o(.text)
    EXTI0_IRQHandler                         0x08001cdb   Thumb Code     0  startup_stm32f10x_md_arm.o(.text)
    EXTI15_10_IRQHandler                     0x08001cdb   Thumb Code     0  startup_stm32f10x_md_arm.o(.text)
    EXTI1_IRQHandler                         0x08001cdb   Thumb Code     0  startup_stm32f10x_md_arm.o(.text)
    EXTI2_IRQHandler                         0x08001cdb   Thumb Code     0  startup_stm32f10x_md_arm.o(.text)
    EXTI3_IRQHandler                         0x08001cdb   Thumb Code     0  startup_stm32f10x_md_arm.o(.text)
    EXTI4_IRQHandler                         0x08001cdb   Thumb Code     0  startup_stm32f10x_md_arm.o(.text)
    EXTI9_5_IRQHandler                       0x08001cdb   Thumb Code     0  startup_stm32f10x_md_arm.o(.text)
    FLASH_IRQHandler                         0x08001cdb   Thumb Code     0  startup_stm32f10x_md_arm.o(.text)
    I2C1_ER_IRQHandler                       0x08001cdb   Thumb Code     0  startup_stm32f10x_md_arm.o(.text)
    I2C1_EV_IRQHandler                       0x08001cdb   Thumb Code     0  startup_stm32f10x_md_arm.o(.text)
    I2C2_ER_IRQHandler                       0x08001cdb   Thumb Code     0  startup_stm32f10x_md_arm.o(.text)
    I2C2_EV_IRQHandler                       0x08001cdb   Thumb Code     0  startup_stm32f10x_md_arm.o(.text)
    PVD_IRQHandler                           0x08001cdb   Thumb Code     0  startup_stm32f10x_md_arm.o(.text)
    RCC_IRQHandler                           0x08001cdb   Thumb Code     0  startup_stm32f10x_md_arm.o(.text)
    RTCAlarm_IRQHandler                      0x08001cdb   Thumb Code     0  startup_stm32f10x_md_arm.o(.text)
    RTC_IRQHandler                           0x08001cdb   Thumb Code     0  startup_stm32f10x_md_arm.o(.text)
    SPI1_IRQHandler                          0x08001cdb   Thumb Code     0  startup_stm32f10x_md_arm.o(.text)
    SPI2_IRQHandler                          0x08001cdb   Thumb Code     0  startup_stm32f10x_md_arm.o(.text)
    TAMPER_IRQHandler                        0x08001cdb   Thumb Code     0  startup_stm32f10x_md_arm.o(.text)
    TIM1_BRK_IRQHandler                      0x08001cdb   Thumb Code     0  startup_stm32f10x_md_arm.o(.text)
    TIM1_CC_IRQHandler                       0x08001cdb   Thumb Code     0  startup_stm32f10x_md_arm.o(.text)
    TIM1_TRG_COM_IRQHandler                  0x08001cdb   Thumb Code     0  startup_stm32f10x_md_arm.o(.text)
    TIM1_UP_IRQHandler                       0x08001cdb   Thumb Code     0  startup_stm32f10x_md_arm.o(.text)
    TIM3_IRQHandler                          0x08001cdb   Thumb Code     0  startup_stm32f10x_md_arm.o(.text)
    USART1_IRQHandler                        0x08001cdb   Thumb Code     0  startup_stm32f10x_md_arm.o(.text)
    USART2_IRQHandler                        0x08001cdb   Thumb Code     0  startup_stm32f10x_md_arm.o(.text)
    USART3_IRQHandler                        0x08001cdb   Thumb Code     0  startup_stm32f10x_md_arm.o(.text)
    USBWakeUp_IRQHandler                     0x08001cdb   Thumb Code     0  startup_stm32f10x_md_arm.o(.text)
    USB_HP_CAN1_TX_IRQHandler                0x08001cdb   Thumb Code     0  startup_stm32f10x_md_arm.o(.text)
    USB_LP_CAN1_RX0_IRQHandler               0x08001cdb   Thumb Code     0  startup_stm32f10x_md_arm.o(.text)
    WWDG_IRQHandler                          0x08001cdb   Thumb Code     0  startup_stm32f10x_md_arm.o(.text)
    SystemInit                               0x08001dc1   Thumb Code    78  system_stm32f10x.o(.text)
    SystemCoreClockUpdate                    0x08001e0f   Thumb Code   142  system_stm32f10x.o(.text)
    ALL_LED_OFF                              0x08001ec1   Thumb Code     2  draw.o(.text)
    RedrawManager                            0x08001ec3   Thumb Code     2  draw.o(.text)
    ACCE_MasterConfiguration                 0x08001ec5   Thumb Code   310  motion.o(.text)
    AcceReadRX_DMAInitial                    0x08001ffb   Thumb Code    48  motion.o(.text)
    AcceReadTX_DMAInitial                    0x0800202b   Thumb Code    54  motion.o(.text)
    AcceWriteTX_DMAInitial                   0x08002061   Thumb Code    66  motion.o(.text)
    AcceRead                                 0x080020a3   Thumb Code   100  motion.o(.text)
    AcceWrite                                0x08002107   Thumb Code    66  motion.o(.text)
    AcceQueueSlotSearch                      0x08002149   Thumb Code    98  motion.o(.text)
    AcceQueueSlotFree                        0x080021ab   Thumb Code    66  motion.o(.text)
    AcceQueueSlotInitial                     0x080021ed   Thumb Code    46  motion.o(.text)
    HeapInitial                              0x0800221b   Thumb Code    14  motion.o(.text)
    MotionStateInitial                       0x08002229   Thumb Code     8  motion.o(.text)
    AcceMasterBlastTX_Const                  0x08002231   Thumb Code    74  motion.o(.text)
    AcceDeviceConfig                         0x0800227b   Thumb Code    36  motion.o(.text)
    MTN_NewRoutineDataReadRequest            0x0800229f   Thumb Code    60  motion.o(.text)
    AcceRawDataRecv                          0x080022db   Thumb Code   236  motion.o(.text)
    getAcceMaxRawData                        0x080023c7   Thumb Code    36  motion.o(.text)
    getInt8MaxData                           0x080023eb   Thumb Code    32  motion.o(.text)
    getAcceMinRawData                        0x0800240b   Thumb Code    36  motion.o(.text)
    getInt8MinData                           0x0800242f   Thumb Code    32  motion.o(.text)
    getAcceSumRawData                        0x0800244f   Thumb Code    28  motion.o(.text)
    getAcceRoundData                         0x0800246b   Thumb Code    40  motion.o(.text)
    pConjunctRawDataArray                    0x08002493   Thumb Code    52  motion.o(.text)
    MotionDetectManager                      0x080024c7   Thumb Code   902  motion.o(.text)
    getDigitalizedData                       0x0800284d   Thumb Code    88  motion.o(.text)
    getEqualBitArray                         0x080028a5   Thumb Code    92  motion.o(.text)
    getFirstHighBitIndex                     0x08002901   Thumb Code   146  motion.o(.text)
    getLastHighBitIndex                      0x08002993   Thumb Code   150  motion.o(.text)
    getAverageHighBitPos                     0x08002a29   Thumb Code    62  motion.o(.text)
    getPeakOrValley                          0x08002a67   Thumb Code    98  motion.o(.text)
    MotionProcessManager                     0x08002ac9   Thumb Code   444  motion.o(.text)
    MotionManager                            0x08002c85   Thumb Code    12  motion.o(.text)
    USBManager                               0x08002cb5   Thumb Code     2  usb.o(.text)
    IWDG_Configuration                       0x08002cb9   Thumb Code    58  main.o(.text)
    GLB_FreerunTIM_Initial                   0x08002cf3   Thumb Code    50  main.o(.text)
    GPIO_Configuration                       0x08002d25   Thumb Code   126  main.o(.text)
    NVIC_Configuration                       0x08002da3   Thumb Code   134  main.o(.text)
    RCC_Configuration                        0x08002e29   Thumb Code    44  main.o(.text)
    main                                     0x08002e55   Thumb Code   144  main.o(.text)
    Occupy_Delay                             0x08002ee5   Thumb Code    18  main.o(.text)
    memor                                    0x08002ef7   Thumb Code    22  main.o(.text)
    NMI_Handler                              0x08002f29   Thumb Code     2  stm32f10x_it.o(.text)
    HardFault_Handler                        0x08002f2b   Thumb Code     4  stm32f10x_it.o(.text)
    MemManage_Handler                        0x08002f2f   Thumb Code     4  stm32f10x_it.o(.text)
    BusFault_Handler                         0x08002f33   Thumb Code     4  stm32f10x_it.o(.text)
    UsageFault_Handler                       0x08002f37   Thumb Code     4  stm32f10x_it.o(.text)
    SVC_Handler                              0x08002f3b   Thumb Code     2  stm32f10x_it.o(.text)
    DebugMon_Handler                         0x08002f3d   Thumb Code     2  stm32f10x_it.o(.text)
    PendSV_Handler                           0x08002f3f   Thumb Code     2  stm32f10x_it.o(.text)
    SysTick_Handler                          0x08002f41   Thumb Code    12  stm32f10x_it.o(.text)
    TIM2_IRQHandler                          0x08002f4d   Thumb Code    26  stm32f10x_it.o(.text)
    TIM4_IRQHandler                          0x08002f67   Thumb Code    22  stm32f10x_it.o(.text)
    DMA1_Channel3_IRQHandler                 0x08002f7d   Thumb Code    98  stm32f10x_it.o(.text)
    DMA1_Channel2_IRQHandler                 0x08002fdf   Thumb Code    80  stm32f10x_it.o(.text)
    __aeabi_memcpy                           0x0800304d   Thumb Code    36  memcpya.o(.text)
    __aeabi_memcpy4                          0x0800304d   Thumb Code     0  memcpya.o(.text)
    __aeabi_memcpy8                          0x0800304d   Thumb Code     0  memcpya.o(.text)
    __aeabi_memset                           0x08003071   Thumb Code    14  memseta.o(.text)
    __aeabi_memset4                          0x08003071   Thumb Code     0  memseta.o(.text)
    __aeabi_memset8                          0x08003071   Thumb Code     0  memseta.o(.text)
    __aeabi_memclr                           0x0800307f   Thumb Code     4  memseta.o(.text)
    __aeabi_memclr4                          0x0800307f   Thumb Code     0  memseta.o(.text)
    __aeabi_memclr8                          0x0800307f   Thumb Code     0  memseta.o(.text)
    _memset$wrapper                          0x08003083   Thumb Code    18  memseta.o(.text)
    __scatterload                            0x08003095   Thumb Code    28  init.o(.text)
    __scatterload_rt2                        0x08003095   Thumb Code     0  init.o(.text)
    free                                     0x080030b9   Thumb Code    76  malloc2.o(i.__free$2region)
    malloc                                   0x08003109   Thumb Code    92  malloc2.o(i.__malloc$2region)
    __scatterload_copy                       0x08003175   Thumb Code    14  handlers.o(i.__scatterload_copy)
    __scatterload_null                       0x08003183   Thumb Code     2  handlers.o(i.__scatterload_null)
    __scatterload_zeroinit                   0x08003185   Thumb Code    14  handlers.o(i.__scatterload_zeroinit)
    BMA020_CONFIG_PARA                       0x08003192   Data           3  motion.o(.constdata)
    Region$$Table$$Base                      0x08003198   Number         0  anon$$obj.o(Region$$Table)
    Region$$Table$$Limit                     0x080031b8   Number         0  anon$$obj.o(Region$$Table)
    SystemCoreClock                          0x20000014   Data           4  system_stm32f10x.o(.data)
    AHBPrescTable                            0x20000018   Data          16  system_stm32f10x.o(.data)
    gSystem_1ms_CNT                          0x20000064   Data           4  main.o(.data)
    strNewPeakOrValley                       0x20000068   Data           8  main.o(.data)
    iPeakValleyNotFoundCNT                   0x20000070   Data           4  main.o(.data)
    iRawDataRecvEndTime                      0x20000074   Data           4  main.o(.data)
    iFlagGlobalGeneralG01                    0x20000078   Data           4  main.o(.data)
    iFlagMotionGeneralG01                    0x2000007c   Data           4  main.o(.data)
    iFlagUSBGeneralG01                       0x20000080   Data           4  main.o(.data)
    iFlagDrawGeneralG01                      0x20000084   Data           4  main.o(.data)
    iFlagGlobalError                         0x20000088   Data           4  main.o(.data)
    gEXTI_InitStructure                      0x2000008c   Data           8  main.o(.data)
    __microlib_freelist                      0x20000094   Data           4  mvars.o(.data)
    __microlib_freelist_initialised          0x20000098   Data           4  mvars.o(.data)
    __initial_sp                             0x200006f0   Data           0  startup_stm32f10x_md_arm.o(STACK)
    Image$$ARM_LIB_HEAP$$ZI$$Base            0x20003000   Number         0  anon$$obj.o(ARM_LIB_HEAP.bss)
    Image$$ARM_LIB_HEAP$$ZI$$Limit           0x20003200   Number         0  anon$$obj.o(ARM_LIB_HEAP.bss)
    Image$$ARM_LIB_STACK$$ZI$$Limit          0x20004000   Number         0  anon$$obj.o(ARM_LIB_STACK.bss)



==============================================================================

Memory Map of the image

  Image Entry point : 0x080000ed

  Load Region LR_IROM1 (Base: 0x08000000, Size: 0x00003254, Max: 0x00010000, ABSOLUTE)

    Execution Region ER_IROM1 (Base: 0x08000000, Size: 0x000031b8, Max: 0x00010000, ABSOLUTE)

    Base Addr    Size         Type   Attr      Idx    E Section Name        Object

    0x08000000   0x000000ec   Data   RO          371    RESET               startup_stm32f10x_md_arm.o
    0x080000ec   0x00000000   Code   RO          519  * .ARM.Collect$$$$00000000  mc_w.l(entry.o)
    0x080000ec   0x00000004   Code   RO          556    .ARM.Collect$$$$00000003  mc_w.l(entry4.o)
    0x080000f0   0x00000004   Code   RO          559    .ARM.Collect$$$$00000004  mc_w.l(entry5.o)
    0x080000f4   0x00000000   Code   RO          561    .ARM.Collect$$$$00000008  mc_w.l(entry7b.o)
    0x080000f4   0x00000000   Code   RO          563    .ARM.Collect$$$$0000000A  mc_w.l(entry8b.o)
    0x080000f4   0x00000008   Code   RO          564    .ARM.Collect$$$$0000000B  mc_w.l(entry9a.o)
    0x080000fc   0x00000000   Code   RO          566    .ARM.Collect$$$$0000000D  mc_w.l(entry10a.o)
    0x080000fc   0x00000000   Code   RO          568    .ARM.Collect$$$$0000000F  mc_w.l(entry11a.o)
    0x080000fc   0x00000004   Code   RO          557    .ARM.Collect$$$$00002714  mc_w.l(entry4.o)
    0x08000100   0x000000dc   Code   RO            3    .text               misc.o
    0x080001dc   0x00000030   Code   RO          175    .text               stm32f10x_dbgmcu.o
    0x0800020c   0x00000250   Code   RO          187    .text               stm32f10x_dma.o
    0x0800045c   0x00000358   Code   RO          235    .text               stm32f10x_gpio.o
    0x080007b4   0x00000040   Code   RO          259    .text               stm32f10x_iwdg.o
    0x080007f4   0x000003a4   Code   RO          283    .text               stm32f10x_rcc.o
    0x08000b98   0x0000030c   Code   RO          321    .text               stm32f10x_spi.o
    0x08000ea4   0x00000e1a   Code   RO          333    .text               stm32f10x_tim.o
    0x08001cbe   0x00000002   PAD
    0x08001cc0   0x00000024   Code   RO          372    .text               startup_stm32f10x_md_arm.o
    0x08001ce4   0x000001dc   Code   RO          387    .text               system_stm32f10x.o
    0x08001ec0   0x00000004   Code   RO          405    .text               draw.o
    0x08001ec4   0x00000df0   Code   RO          437    .text               motion.o
    0x08002cb4   0x00000002   Code   RO          461    .text               usb.o
    0x08002cb6   0x00000002   PAD
    0x08002cb8   0x00000270   Code   RO          476    .text               main.o
    0x08002f28   0x00000124   Code   RO          504    .text               stm32f10x_it.o
    0x0800304c   0x00000024   Code   RO          522    .text               mc_w.l(memcpya.o)
    0x08003070   0x00000024   Code   RO          524    .text               mc_w.l(memseta.o)
    0x08003094   0x00000024   Code   RO          572    .text               mc_w.l(init.o)
    0x080030b8   0x00000050   Code   RO          528    i.__free$2region    mc_w.l(malloc2.o)
    0x08003108   0x0000006c   Code   RO          529    i.__malloc$2region  mc_w.l(malloc2.o)
    0x08003174   0x0000000e   Code   RO          576    i.__scatterload_copy  mc_w.l(handlers.o)
    0x08003182   0x00000002   Code   RO          577    i.__scatterload_null  mc_w.l(handlers.o)
    0x08003184   0x0000000e   Code   RO          578    i.__scatterload_zeroinit  mc_w.l(handlers.o)
    0x08003192   0x00000003   Data   RO          439    .constdata          motion.o
    0x08003195   0x00000003   PAD
    0x08003198   0x00000020   Data   RO          574    Region$$Table       anon$$obj.o


    Execution Region RW_IRAM1 (Base: 0x20000000, Size: 0x000006f0, Max: 0x00005000, ABSOLUTE)

    Base Addr    Size         Type   Attr      Idx    E Section Name        Object

    0x20000000   0x00000014   Data   RW          284    .data               stm32f10x_rcc.o
    0x20000014   0x00000014   Data   RW          388    .data               system_stm32f10x.o
    0x20000028   0x0000003c   Data   RW          440    .data               motion.o
    0x20000064   0x00000030   Data   RW          477    .data               main.o
    0x20000094   0x00000004   Data   RW          570    .data               mc_w.l(mvars.o)
    0x20000098   0x00000004   Data   RW          571    .data               mc_w.l(mvars.o)
    0x2000009c   0x00000254   Zero   RW          438    .bss                motion.o
    0x200002f0   0x00000400   Zero   RW          369    STACK               startup_stm32f10x_md_arm.o


    Execution Region ARM_LIB_HEAP (Base: 0x20003000, Size: 0x00000200, Max: 0x00000200, ABSOLUTE, UNINIT)

    Base Addr    Size         Type   Attr      Idx    E Section Name        Object

    0x20003000   0x00000200   Zero   RW            1    ARM_LIB_HEAP.bss    anon$$obj.o


    Execution Region ARM_LIB_STACK (Base: 0x20003c00, Size: 0x00000400, Max: 0x00000400, ABSOLUTE, UNINIT)

    Base Addr    Size         Type   Attr      Idx    E Section Name        Object

    0x20003c00   0x00000400   Zero   RW            2    ARM_LIB_STACK.bss   anon$$obj.o


==============================================================================

Image component sizes


      Code (inc. data)   RO Data    RW Data    ZI Data      Debug   Object Name

         4          0          0          0          0       4056   draw.o
       624         28          0         48          0      20867   main.o
       220         20          0          0          0     264861   misc.o
      3568        232          3         60        596      14695   motion.o
        36          8        236          0       1024        760   startup_stm32f10x_md_arm.o
        48          4          0          0          0        764   stm32f10x_dbgmcu.o
       592          8          0          0          0       4126   stm32f10x_dma.o
       856         40          0          0          0       5441   stm32f10x_gpio.o
       292         30          0          0          0       1920   stm32f10x_it.o
        64          6          0          0          0       1173   stm32f10x_iwdg.o
       932         44          0         20          0       8528   stm32f10x_rcc.o
       780         14          0          0          0       6326   stm32f10x_spi.o
      3610         88          0          0          0      21928   stm32f10x_tim.o
       476         36          0         20          0       1603   system_stm32f10x.o
         2          0          0          0          0        329   usb.o

    ----------------------------------------------------------------------
     12108        558        274        148       3156     357377   Object Totals
         0          0         32          0       1536          0   (incl. Generated)
         4          0          3          0          0          0   (incl. Padding)

    ----------------------------------------------------------------------

      Code (inc. data)   RO Data    RW Data    ZI Data      Debug   Library Member Name

         0          0          0          0          0          0   entry.o
         0          0          0          0          0          0   entry10a.o
         0          0          0          0          0          0   entry11a.o
         8          4          0          0          0          0   entry4.o
         4          0          0          0          0          0   entry5.o
         0          0          0          0          0          0   entry7b.o
         0          0          0          0          0          0   entry8b.o
         8          4          0          0          0          0   entry9a.o
        30          0          0          0          0          0   handlers.o
        36          8          0          0          0         68   init.o
       188         20          0          0          0        160   malloc2.o
        36          0          0          0          0         68   memcpya.o
        36          0          0          0          0        108   memseta.o
         0          0          0          8          0          0   mvars.o

    ----------------------------------------------------------------------
       346         36          0          8          0        404   Library Totals
         0          0          0          0          0          0   (incl. Padding)

    ----------------------------------------------------------------------

      Code (inc. data)   RO Data    RW Data    ZI Data      Debug   Library Name

       346         36          0          8          0        404   mc_w.l

    ----------------------------------------------------------------------
       346         36          0          8          0        404   Library Totals

    ----------------------------------------------------------------------

==============================================================================


      Code (inc. data)   RO Data    RW Data    ZI Data      Debug   

     12454        594        274        156       3156     356169   Grand Totals
     12454        594        274        156       3156     356169   ELF Image Totals
     12454        594        274        156          0          0   ROM Totals

==============================================================================

    Total RO  Size (Code + RO Data)                12728 (  12.43kB)
    Total RW  Size (RW Data + ZI Data)              3312 (   3.23kB)
    Total ROM Size (Code + RO Data + RW Data)      12884 (  12.58kB)

==============================================================================

